[["tests/tests_30_build_and_run/test/markdown-vhdl-01-simple/data.md",18],["tests/tests_30_build_and_run/test/markdown-vhdl-01-simple/data.md",16,"cell","header","code"]]
[["tests/tests_30_build_and_run/test/markdown-vhdl-01-simple/data.md",19],["tests/tests_30_build_and_run/test/markdown-vhdl-01-simple/data.md",16,"cell","header","code"]]
[["tests/tests_30_build_and_run/test/markdown-vhdl-01-simple/data.md",20],["tests/tests_30_build_and_run/test/markdown-vhdl-01-simple/data.md",16,"cell","header","code"]]
[["Template"]]
[["Template"]]
[["Template"]]
[["Template"]]
[["Template"]]
[["Template"]]
[["Template"]]
[["tests/tests_30_build_and_run/test/markdown-vhdl-01-simple/data.md",30],["tests/tests_30_build_and_run/test/markdown-vhdl-01-simple/data.md",28,"cell","code","code"]]
[["tests/tests_30_build_and_run/test/markdown-vhdl-01-simple/data.md",41],["tests/tests_30_build_and_run/test/markdown-vhdl-01-simple/data.md",39,"cell","code-declaration","code"]]
[["tests/tests_30_build_and_run/test/markdown-vhdl-01-simple/data.md",42],["tests/tests_30_build_and_run/test/markdown-vhdl-01-simple/data.md",39,"cell","code-declaration","code"]]
[["tests/tests_30_build_and_run/test/markdown-vhdl-01-simple/data.md",51],["tests/tests_30_build_and_run/test/markdown-vhdl-01-simple/data.md",49,"cell","code-declaration","code"]]
[["tests/tests_30_build_and_run/test/markdown-vhdl-01-simple/data.md",52],["tests/tests_30_build_and_run/test/markdown-vhdl-01-simple/data.md",49,"cell","code-declaration","code"]]
[["tests/tests_30_build_and_run/test/markdown-vhdl-01-simple/data.md",53],["tests/tests_30_build_and_run/test/markdown-vhdl-01-simple/data.md",49,"cell","code-declaration","code"]]
[["tests/tests_30_build_and_run/test/markdown-vhdl-01-simple/data.md",54],["tests/tests_30_build_and_run/test/markdown-vhdl-01-simple/data.md",49,"cell","code-declaration","code"]]
[["tests/tests_30_build_and_run/test/markdown-vhdl-01-simple/data.md",68],["tests/tests_30_build_and_run/test/markdown-vhdl-01-simple/data.md",65,"cell","code","code"]]
[["Template"]]
[["Template"]]
[["Template"]]
[["tests/tests_30_build_and_run/test/markdown-vhdl-01-simple/data.md",32],["tests/tests_30_build_and_run/test/markdown-vhdl-01-simple/data.md",28,"cell","code","code"]]
[["tests/tests_30_build_and_run/test/markdown-vhdl-01-simple/data.md",70],["tests/tests_30_build_and_run/test/markdown-vhdl-01-simple/data.md",65,"cell","code","code"]]
[["Template"]]
[["Template"]]